{
  "version": "1.5.0",
  "plugins_used": [
    {
      "name": "ArtifactoryDetector"
    },
    {
      "name": "AWSKeyDetector"
    },
    {
      "name": "AzureStorageKeyDetector"
    },
    {
      "name": "Base64HighEntropyString",
      "limit": 4.5
    },
    {
      "name": "BasicAuthDetector"
    },
    {
      "name": "CloudantDetector"
    },
    {
      "name": "DiscordBotTokenDetector"
    },
    {
      "name": "GitHubTokenDetector"
    },
    {
      "name": "GitLabTokenDetector"
    },
    {
      "name": "HexHighEntropyString",
      "limit": 3.0
    },
    {
      "name": "IbmCloudIamDetector"
    },
    {
      "name": "IbmCosHmacDetector"
    },
    {
      "name": "IPPublicDetector"
    },
    {
      "name": "JwtTokenDetector"
    },
    {
      "name": "KeywordDetector",
      "keyword_exclude": ""
    },
    {
      "name": "MailchimpDetector"
    },
    {
      "name": "NpmDetector"
    },
    {
      "name": "OpenAIDetector"
    },
    {
      "name": "PrivateKeyDetector"
    },
    {
      "name": "PypiTokenDetector"
    },
    {
      "name": "SendGridDetector"
    },
    {
      "name": "SlackDetector"
    },
    {
      "name": "SoftlayerDetector"
    },
    {
      "name": "SquareOAuthDetector"
    },
    {
      "name": "StripeDetector"
    },
    {
      "name": "TelegramBotTokenDetector"
    },
    {
      "name": "TwilioKeyDetector"
    }
  ],
  "filters_used": [
    {
      "path": "detect_secrets.filters.allowlist.is_line_allowlisted"
    },
    {
      "path": "detect_secrets.filters.common.is_ignored_due_to_verification_policies",
      "min_level": 2
    },
    {
      "path": "detect_secrets.filters.heuristic.is_indirect_reference"
    },
    {
      "path": "detect_secrets.filters.heuristic.is_likely_id_string"
    },
    {
      "path": "detect_secrets.filters.heuristic.is_lock_file"
    },
    {
      "path": "detect_secrets.filters.heuristic.is_not_alphanumeric_string"
    },
    {
      "path": "detect_secrets.filters.heuristic.is_potential_uuid"
    },
    {
      "path": "detect_secrets.filters.heuristic.is_prefixed_with_dollar_sign"
    },
    {
      "path": "detect_secrets.filters.heuristic.is_sequential_string"
    },
    {
      "path": "detect_secrets.filters.heuristic.is_swagger_file"
    },
    {
      "path": "detect_secrets.filters.heuristic.is_templated_secret"
    },
    {
      "path": "detect_secrets.filters.regex.should_exclude_file",
      "pattern": [
        "^\\.secrets\\.baseline$"
      ]
    }
  ],
  "results": {
    ".agent/archive/contracts/m13u0.md": [
      {
        "type": "Basic Auth Credentials",
        "filename": ".agent/archive/contracts/m13u0.md",
        "hashed_secret": "9d4e1e23bd5b727046a9e3b4b7db57bd8d6ee684",
        "is_verified": false
      }
    ],
    "bench/__main__.py": [
      {
        "type": "Hex High Entropy String",
        "filename": "bench/__main__.py",
        "hashed_secret": "9108815544e1e70817919da83caa41c478c108ff",
        "is_verified": false
      },
      {
        "type": "Hex High Entropy String",
        "filename": "bench/__main__.py",
        "hashed_secret": "7f99a3c3706b651f2f8c03efa0a3423beb912bbf",
        "is_verified": false
      }
    ],
    "capture/corpus.py": [
      {
        "type": "Hex High Entropy String",
        "filename": "capture/corpus.py",
        "hashed_secret": "0231619925d9e1b77151d4617dc3f18baf43cd01",
        "is_verified": false
      }
    ],
    "corpus/python/captures/m12-design/run.json": [
      {
        "type": "Hex High Entropy String",
        "filename": "corpus/python/captures/m12-design/run.json",
        "hashed_secret": "6ee5bd804a96066f8a6abbab2c39e4eda029e0c4",
        "is_verified": false
      },
      {
        "type": "Hex High Entropy String",
        "filename": "corpus/python/captures/m12-design/run.json",
        "hashed_secret": "271b4a7e7489fbcdc0a08e4d4c220daeb694467e",
        "is_verified": false
      },
      {
        "type": "Hex High Entropy String",
        "filename": "corpus/python/captures/m12-design/run.json",
        "hashed_secret": "534adcda07416f8249f7aa9976ad15ec768cb824",
        "is_verified": false
      },
      {
        "type": "Hex High Entropy String",
        "filename": "corpus/python/captures/m12-design/run.json",
        "hashed_secret": "0231619925d9e1b77151d4617dc3f18baf43cd01",
        "is_verified": false
      }
    ],
    "model_backend/runtime/snapshot.json": [
      {
        "type": "Hex High Entropy String",
        "filename": "model_backend/runtime/snapshot.json",
        "hashed_secret": "2312960e940c2c90cf2dbf4d2a9381fb88687c0e",
        "is_verified": false
      },
      {
        "type": "Hex High Entropy String",
        "filename": "model_backend/runtime/snapshot.json",
        "hashed_secret": "8327d839c8de9f93c2244c53a864a236e6373a43",
        "is_verified": false
      },
      {
        "type": "Hex High Entropy String",
        "filename": "model_backend/runtime/snapshot.json",
        "hashed_secret": "c26c273534cf5b2e6163c6ab7925e4018df8355e",
        "is_verified": false
      },
      {
        "type": "Hex High Entropy String",
        "filename": "model_backend/runtime/snapshot.json",
        "hashed_secret": "2584dd01beb8ed8e10caaeb8a4154362933a9b88",
        "is_verified": false
      },
      {
        "type": "Hex High Entropy String",
        "filename": "model_backend/runtime/snapshot.json",
        "hashed_secret": "dd5845bb74b00cd3a4c7b5e0cd3438b7604024cd",
        "is_verified": false
      },
      {
        "type": "Hex High Entropy String",
        "filename": "model_backend/runtime/snapshot.json",
        "hashed_secret": "1bb919de3dacd4d48cc8a3acb208a1fa91974d4d",
        "is_verified": false
      },
      {
        "type": "Hex High Entropy String",
        "filename": "model_backend/runtime/snapshot.json",
        "hashed_secret": "5647dc7554a20560c65db836bafc2e7b4a9a8c20",
        "is_verified": false
      },
      {
        "type": "Hex High Entropy String",
        "filename": "model_backend/runtime/snapshot.json",
        "hashed_secret": "db00a6717064106eac847c60f0725565d7b33d95",
        "is_verified": false
      },
      {
        "type": "Hex High Entropy String",
        "filename": "model_backend/runtime/snapshot.json",
        "hashed_secret": "4acabc88e604813911e4f80175cb5ba19558b96b",
        "is_verified": false
      },
      {
        "type": "Hex High Entropy String",
        "filename": "model_backend/runtime/snapshot.json",
        "hashed_secret": "af159b40aad8915b6dcc3a2cd0784769b1fc585e",
        "is_verified": false
      },
      {
        "type": "Hex High Entropy String",
        "filename": "model_backend/runtime/snapshot.json",
        "hashed_secret": "271b4a7e7489fbcdc0a08e4d4c220daeb694467e",
        "is_verified": false
      }
    ],
    "model_backend/snapshot.py": [
      {
        "type": "Hex High Entropy String",
        "filename": "model_backend/snapshot.py",
        "hashed_secret": "271b4a7e7489fbcdc0a08e4d4c220daeb694467e",
        "is_verified": false
      }
    ],
    "tests/golden/capture-golden-v1/run.json": [
      {
        "type": "Hex High Entropy String",
        "filename": "tests/golden/capture-golden-v1/run.json",
        "hashed_secret": "a229c61eccc4dcff962fa264394d2fb9e2599670",
        "is_verified": false
      },
      {
        "type": "Hex High Entropy String",
        "filename": "tests/golden/capture-golden-v1/run.json",
        "hashed_secret": "271b4a7e7489fbcdc0a08e4d4c220daeb694467e",
        "is_verified": false
      },
      {
        "type": "Hex High Entropy String",
        "filename": "tests/golden/capture-golden-v1/run.json",
        "hashed_secret": "534adcda07416f8249f7aa9976ad15ec768cb824",
        "is_verified": false
      },
      {
        "type": "Hex High Entropy String",
        "filename": "tests/golden/capture-golden-v1/run.json",
        "hashed_secret": "0231619925d9e1b77151d4617dc3f18baf43cd01",
        "is_verified": false
      }
    ],
    "tests/test_attestation.py": [
      {
        "type": "Base64 High Entropy String",
        "filename": "tests/test_attestation.py",
        "hashed_secret": "b58836e36f5e940ead2571ec50913e3d5f862e9a",
        "is_verified": false
      }
    ],
    "tests/test_attestation_v03.py": [
      {
        "type": "Hex High Entropy String",
        "filename": "tests/test_attestation_v03.py",
        "hashed_secret": "4c6a606a90bd84c0402ee2a81783d6e844f28548",
        "is_verified": false
      },
      {
        "type": "Base64 High Entropy String",
        "filename": "tests/test_attestation_v03.py",
        "hashed_secret": "be34937d9715d85ecdeb7ddea4440791a47015f0",
        "is_verified": false
      },
      {
        "type": "Base64 High Entropy String",
        "filename": "tests/test_attestation_v03.py",
        "hashed_secret": "4721ad8fea8d84e43346203bb7b8ebd4f6b94460",
        "is_verified": false
      },
      {
        "type": "Base64 High Entropy String",
        "filename": "tests/test_attestation_v03.py",
        "hashed_secret": "42314b953696eca076cf29b0aaf2d8079e42496f",
        "is_verified": false
      },
      {
        "type": "Base64 High Entropy String",
        "filename": "tests/test_attestation_v03.py",
        "hashed_secret": "0df2f9e1b1c937f44c590e9911af7719702cda5e",
        "is_verified": false
      },
      {
        "type": "Base64 High Entropy String",
        "filename": "tests/test_attestation_v03.py",
        "hashed_secret": "723aa7f342580aad16444f2657180122485ed7ea",
        "is_verified": false
      },
      {
        "type": "Base64 High Entropy String",
        "filename": "tests/test_attestation_v03.py",
        "hashed_secret": "418bd62631ebd125ed82bab55350343e58d10741",
        "is_verified": false
      },
      {
        "type": "Base64 High Entropy String",
        "filename": "tests/test_attestation_v03.py",
        "hashed_secret": "73e3d721c8aafb8bac67807491fb34e34fcbb973",
        "is_verified": false
      },
      {
        "type": "Base64 High Entropy String",
        "filename": "tests/test_attestation_v03.py",
        "hashed_secret": "432762b2ba59c2474aa800027ce230d796b80f82",
        "is_verified": false
      },
      {
        "type": "Base64 High Entropy String",
        "filename": "tests/test_attestation_v03.py",
        "hashed_secret": "5671ca644dc4ae517e2baa49aea8b89bf4c4508c",
        "is_verified": false
      },
      {
        "type": "Base64 High Entropy String",
        "filename": "tests/test_attestation_v03.py",
        "hashed_secret": "36cc1e2fd84429e650a02e8ff3f8cc01b673af4c",
        "is_verified": false
      },
      {
        "type": "Base64 High Entropy String",
        "filename": "tests/test_attestation_v03.py",
        "hashed_secret": "fe349eb9cb5b1c5cd594b3330ba03fbb4110e9fd",
        "is_verified": false
      },
      {
        "type": "Base64 High Entropy String",
        "filename": "tests/test_attestation_v03.py",
        "hashed_secret": "5c01c851eeed8645d8ec1143f5e9eb992e6ab09b",
        "is_verified": false
      },
      {
        "type": "Base64 High Entropy String",
        "filename": "tests/test_attestation_v03.py",
        "hashed_secret": "5fa9e74e85031193eaf28c2c1efa841537ebaa12",
        "is_verified": false
      },
      {
        "type": "Base64 High Entropy String",
        "filename": "tests/test_attestation_v03.py",
        "hashed_secret": "db405475b20b475ffbd3ca96c2311f1e127c94bd",
        "is_verified": false
      },
      {
        "type": "Base64 High Entropy String",
        "filename": "tests/test_attestation_v03.py",
        "hashed_secret": "a1a12c6da54538bd32cd22c2dcf8b298d4e1ffe5",
        "is_verified": false
      },
      {
        "type": "Base64 High Entropy String",
        "filename": "tests/test_attestation_v03.py",
        "hashed_secret": "b21b69b0a33a913e2ffa15744217db21e3d1506f",
        "is_verified": false
      },
      {
        "type": "Base64 High Entropy String",
        "filename": "tests/test_attestation_v03.py",
        "hashed_secret": "03b2078e17fb806cf3f6941e5932616c3bbc8520",
        "is_verified": false
      },
      {
        "type": "Hex High Entropy String",
        "filename": "tests/test_attestation_v03.py",
        "hashed_secret": "a8553901883b26c7903ceed3cd324307b7c3380f",
        "is_verified": false
      },
      {
        "type": "Hex High Entropy String",
        "filename": "tests/test_attestation_v03.py",
        "hashed_secret": "f313d2bb5b61acb5f6558af9d0c665016f771419",
        "is_verified": false
      },
      {
        "type": "Base64 High Entropy String",
        "filename": "tests/test_attestation_v03.py",
        "hashed_secret": "a152bff5f1e60681e22578f61403c8bcf77e7da9",
        "is_verified": false
      },
      {
        "type": "Base64 High Entropy String",
        "filename": "tests/test_attestation_v03.py",
        "hashed_secret": "148bbf62a345f1291eda6a5e84db7f332b7440ae",
        "is_verified": false
      },
      {
        "type": "Base64 High Entropy String",
        "filename": "tests/test_attestation_v03.py",
        "hashed_secret": "2cd2e0494b10371d0a414c3046de4b2da35dd146",
        "is_verified": false
      },
      {
        "type": "Base64 High Entropy String",
        "filename": "tests/test_attestation_v03.py",
        "hashed_secret": "e8596e6e18fab42a7650439e6b50da8d7ddc109d",
        "is_verified": false
      },
      {
        "type": "Base64 High Entropy String",
        "filename": "tests/test_attestation_v03.py",
        "hashed_secret": "1829c3ba526977be52d3d79d40c2b901004bba82",
        "is_verified": false
      },
      {
        "type": "Base64 High Entropy String",
        "filename": "tests/test_attestation_v03.py",
        "hashed_secret": "41515be14afef9360f169b7077e56cc62a638d8d",
        "is_verified": false
      },
      {
        "type": "Base64 High Entropy String",
        "filename": "tests/test_attestation_v03.py",
        "hashed_secret": "7800debce797cee97582571d930ffaa9aec2dbe8",
        "is_verified": false
      },
      {
        "type": "Base64 High Entropy String",
        "filename": "tests/test_attestation_v03.py",
        "hashed_secret": "4dcc58211647f05725e3b434708a0ebd926f2516",
        "is_verified": false
      },
      {
        "type": "Base64 High Entropy String",
        "filename": "tests/test_attestation_v03.py",
        "hashed_secret": "dcde9decca0594214277c445361926c6887d6498",
        "is_verified": false
      },
      {
        "type": "Base64 High Entropy String",
        "filename": "tests/test_attestation_v03.py",
        "hashed_secret": "81e6036271163cfc08a0a9a70a05d75309693fe6",
        "is_verified": false
      },
      {
        "type": "Base64 High Entropy String",
        "filename": "tests/test_attestation_v03.py",
        "hashed_secret": "ea020e7340735bfe441f73fc59146988ae49d545",
        "is_verified": false
      },
      {
        "type": "Base64 High Entropy String",
        "filename": "tests/test_attestation_v03.py",
        "hashed_secret": "32cdd4327e10381b7aabc178388595e7ff7d7df1",
        "is_verified": false
      },
      {
        "type": "Base64 High Entropy String",
        "filename": "tests/test_attestation_v03.py",
        "hashed_secret": "e66cbdda95418c73b43e199dee541b541f47962f",
        "is_verified": false
      },
      {
        "type": "Base64 High Entropy String",
        "filename": "tests/test_attestation_v03.py",
        "hashed_secret": "f802cfb1cc2d6fd2e5dddd5b9f13eda800a96c19",
        "is_verified": false
      },
      {
        "type": "Base64 High Entropy String",
        "filename": "tests/test_attestation_v03.py",
        "hashed_secret": "ab84c3541d143566bce8bea1459cb2e4920f534c",
        "is_verified": false
      },
      {
        "type": "Base64 High Entropy String",
        "filename": "tests/test_attestation_v03.py",
        "hashed_secret": "dd0fccb20c65f06858fe25ee89347789c010d51c",
        "is_verified": false
      },
      {
        "type": "Hex High Entropy String",
        "filename": "tests/test_attestation_v03.py",
        "hashed_secret": "698fb4eaaa4957893e8ecb692fdcc8ad0b66f546",
        "is_verified": false
      },
      {
        "type": "Hex High Entropy String",
        "filename": "tests/test_attestation_v03.py",
        "hashed_secret": "c0d396bdce4b5147097bb04d3913f46b17c08de8",
        "is_verified": false
      },
      {
        "type": "Hex High Entropy String",
        "filename": "tests/test_attestation_v03.py",
        "hashed_secret": "387f9a7ed8cd061a227ce79656872e394cbadf71",
        "is_verified": false
      }
    ],
    "tests/test_checks.py": [
      {
        "type": "Hex High Entropy String",
        "filename": "tests/test_checks.py",
        "hashed_secret": "a79e660e317bf962befcbd3ac504e26d40f4f388",
        "is_verified": false
      }
    ],
    "tests/test_model_backend_runtime.py": [
      {
        "type": "Hex High Entropy String",
        "filename": "tests/test_model_backend_runtime.py",
        "hashed_secret": "158b484ae1f6f64f89da22397d25fbdafad02252",
        "is_verified": false
      },
      {
        "type": "Hex High Entropy String",
        "filename": "tests/test_model_backend_runtime.py",
        "hashed_secret": "bae3d072a8d3dd8670ad7fb266e02993521f49af",
        "is_verified": false
      },
      {
        "type": "Hex High Entropy String",
        "filename": "tests/test_model_backend_runtime.py",
        "hashed_secret": "340361b663186e9ab4e891d29edb7df7c7a3fef2",
        "is_verified": false
      },
      {
        "type": "Hex High Entropy String",
        "filename": "tests/test_model_backend_runtime.py",
        "hashed_secret": "244f421f896bdcdd2784dccf4eaf7c8dfd5189b5",
        "is_verified": false
      },
      {
        "type": "Hex High Entropy String",
        "filename": "tests/test_model_backend_runtime.py",
        "hashed_secret": "271b4a7e7489fbcdc0a08e4d4c220daeb694467e",
        "is_verified": false
      },
      {
        "type": "Hex High Entropy String",
        "filename": "tests/test_model_backend_runtime.py",
        "hashed_secret": "1a31a17d0bcebb45f3906bc7e2d586cdbe9d8a80",
        "is_verified": false
      },
      {
        "type": "Hex High Entropy String",
        "filename": "tests/test_model_backend_runtime.py",
        "hashed_secret": "c6e36903fa41e75f2ea209078f7671fb87e553b1",
        "is_verified": false
      }
    ],
    "tests/test_python_capture_harness.py": [
      {
        "type": "Hex High Entropy String",
        "filename": "tests/test_python_capture_harness.py",
        "hashed_secret": "271b4a7e7489fbcdc0a08e4d4c220daeb694467e",
        "is_verified": false
      },
      {
        "type": "Hex High Entropy String",
        "filename": "tests/test_python_capture_harness.py",
        "hashed_secret": "0231619925d9e1b77151d4617dc3f18baf43cd01",
        "is_verified": false
      }
    ],
    "tests/test_python_capture_record.py": [
      {
        "type": "Hex High Entropy String",
        "filename": "tests/test_python_capture_record.py",
        "hashed_secret": "0231619925d9e1b77151d4617dc3f18baf43cd01",
        "is_verified": false
      },
      {
        "type": "Hex High Entropy String",
        "filename": "tests/test_python_capture_record.py",
        "hashed_secret": "271b4a7e7489fbcdc0a08e4d4c220daeb694467e",
        "is_verified": false
      },
      {
        "type": "Hex High Entropy String",
        "filename": "tests/test_python_capture_record.py",
        "hashed_secret": "a229c61eccc4dcff962fa264394d2fb9e2599670",
        "is_verified": false
      },
      {
        "type": "Hex High Entropy String",
        "filename": "tests/test_python_capture_record.py",
        "hashed_secret": "534adcda07416f8249f7aa9976ad15ec768cb824",
        "is_verified": false
      },
      {
        "type": "Hex High Entropy String",
        "filename": "tests/test_python_capture_record.py",
        "hashed_secret": "c41b60e7895109bac614bf9e85c4d9d82d0ff78d",
        "is_verified": false
      },
      {
        "type": "Hex High Entropy String",
        "filename": "tests/test_python_capture_record.py",
        "hashed_secret": "b7639c8f64c0b7d9780bcb0b7081fa193f260a6a",
        "is_verified": false
      },
      {
        "type": "Hex High Entropy String",
        "filename": "tests/test_python_capture_record.py",
        "hashed_secret": "4200689167021e3f6951855cb9f0d1252e8f4566",
        "is_verified": false
      },
      {
        "type": "Hex High Entropy String",
        "filename": "tests/test_python_capture_record.py",
        "hashed_secret": "a823d9ea4c179f3257aca6551694ffbceb59dccd",
        "is_verified": false
      },
      {
        "type": "Hex High Entropy String",
        "filename": "tests/test_python_capture_record.py",
        "hashed_secret": "b6d55963d9a7e91ef30d53a3d115887af01c20d5",
        "is_verified": false
      },
      {
        "type": "Hex High Entropy String",
        "filename": "tests/test_python_capture_record.py",
        "hashed_secret": "1984841274a5669a5dd082a7483b1d826a90d5ae",
        "is_verified": false
      },
      {
        "type": "Hex High Entropy String",
        "filename": "tests/test_python_capture_record.py",
        "hashed_secret": "7ab4ad1327bbadd41cefc337151c308f1a17d459",
        "is_verified": false
      },
      {
        "type": "Hex High Entropy String",
        "filename": "tests/test_python_capture_record.py",
        "hashed_secret": "bddbf08e54e41d16f091359bffa59a41fda4f352",
        "is_verified": false
      }
    ],
    "tests/test_render.py": [
      {
        "type": "Hex High Entropy String",
        "filename": "tests/test_render.py",
        "hashed_secret": "d3f5034b03ba2655bbd128f3b80bf0bd14a25541",
        "is_verified": false
      }
    ],
    "tests/test_service.py": [
      {
        "type": "Basic Auth Credentials",
        "filename": "tests/test_service.py",
        "hashed_secret": "9d4e1e23bd5b727046a9e3b4b7db57bd8d6ee684",
        "is_verified": false
      }
    ],
    "tests/test_vcert.py": [
      {
        "type": "Hex High Entropy String",
        "filename": "tests/test_vcert.py",
        "hashed_secret": "a808fd7239f316974b7318908402e60a714b4d52",
        "is_verified": false
      },
      {
        "type": "Hex High Entropy String",
        "filename": "tests/test_vcert.py",
        "hashed_secret": "a9d34341ac361e27fab923f6eb51b5c4dd6056ae",
        "is_verified": false
      },
      {
        "type": "Hex High Entropy String",
        "filename": "tests/test_vcert.py",
        "hashed_secret": "0766b538d004860129a488f298f37a95925c7e04",
        "is_verified": false
      },
      {
        "type": "Hex High Entropy String",
        "filename": "tests/test_vcert.py",
        "hashed_secret": "6d3d42bd15dc89cebb7d84a200efd76d609e7329",
        "is_verified": false
      }
    ],
    "tests/test_webui_enforcement_filter.py": [
      {
        "type": "Secret Keyword",
        "filename": "tests/test_webui_enforcement_filter.py",
        "hashed_secret": "c2fbb61c0bc8abf99beaaf9921867a9340744952",
        "is_verified": false
      }
    ],
    "tests/test_webui_settings.py": [
      {
        "type": "Secret Keyword",
        "filename": "tests/test_webui_settings.py",
        "hashed_secret": "5ffe533b830f08a0326348a9160afafc8ada44db",
        "is_verified": false
      },
      {
        "type": "Secret Keyword",
        "filename": "tests/test_webui_settings.py",
        "hashed_secret": "82d2e3cbae490642d9f392345748ae200d93a5bb",
        "is_verified": false
      }
    ],
    "tests/vcert_v03_vectors.json": [
      {
        "type": "Hex High Entropy String",
        "filename": "tests/vcert_v03_vectors.json",
        "hashed_secret": "387f9a7ed8cd061a227ce79656872e394cbadf71",
        "is_verified": false
      },
      {
        "type": "Hex High Entropy String",
        "filename": "tests/vcert_v03_vectors.json",
        "hashed_secret": "639456356e1f2f89a9c450d5c11d1a24f528b964",
        "is_verified": false
      },
      {
        "type": "Hex High Entropy String",
        "filename": "tests/vcert_v03_vectors.json",
        "hashed_secret": "7cf4a2d2e9274452651576921fb0758c49006f3e",
        "is_verified": false
      },
      {
        "type": "Hex High Entropy String",
        "filename": "tests/vcert_v03_vectors.json",
        "hashed_secret": "81a9662b8c67d90a15410c591da494cd825f8ea3",
        "is_verified": false
      },
      {
        "type": "Hex High Entropy String",
        "filename": "tests/vcert_v03_vectors.json",
        "hashed_secret": "a0b6bb67f2bdd0e22b8cc07c903e6a635d66c064",
        "is_verified": false
      },
      {
        "type": "Hex High Entropy String",
        "filename": "tests/vcert_v03_vectors.json",
        "hashed_secret": "b8f8c6ffa5fbd70a53c921e91de3ce519fccc47b",
        "is_verified": false
      },
      {
        "type": "Hex High Entropy String",
        "filename": "tests/vcert_v03_vectors.json",
        "hashed_secret": "c0d396bdce4b5147097bb04d3913f46b17c08de8",
        "is_verified": false
      },
      {
        "type": "Hex High Entropy String",
        "filename": "tests/vcert_v03_vectors.json",
        "hashed_secret": "c7cf3dddb864fe353e151db62526bd748cf16c62",
        "is_verified": false
      }
    ],
    "webui/settings.py": [
      {
        "type": "Secret Keyword",
        "filename": "webui/settings.py",
        "hashed_secret": "0f1dd713a08881d9ab5988a507725f2309981bfc",
        "is_verified": false
      },
      {
        "type": "Secret Keyword",
        "filename": "webui/settings.py",
        "hashed_secret": "af80ec2bbf1e01279ab66599cad42f8ba136b6a3",
        "is_verified": false
      },
      {
        "type": "Secret Keyword",
        "filename": "webui/settings.py",
        "hashed_secret": "829c3804401b0727f70f73d4415e162400cbe57b",
        "is_verified": false
      },
      {
        "type": "Secret Keyword",
        "filename": "webui/settings.py",
        "hashed_secret": "5ffe533b830f08a0326348a9160afafc8ada44db",
        "is_verified": false
      }
    ]
  }
}
