{
  "version": "1.5.0",
  "plugins_used": [
    {
      "name": "ArtifactoryDetector"
    },
    {
      "name": "AWSKeyDetector"
    },
    {
      "name": "AzureStorageKeyDetector"
    },
    {
      "name": "Base64HighEntropyString",
      "limit": 4.5
    },
    {
      "name": "BasicAuthDetector"
    },
    {
      "name": "CloudantDetector"
    },
    {
      "name": "DiscordBotTokenDetector"
    },
    {
      "name": "GitHubTokenDetector"
    },
    {
      "name": "GitLabTokenDetector"
    },
    {
      "name": "HexHighEntropyString",
      "limit": 3.0
    },
    {
      "name": "IbmCloudIamDetector"
    },
    {
      "name": "IbmCosHmacDetector"
    },
    {
      "name": "IPPublicDetector"
    },
    {
      "name": "JwtTokenDetector"
    },
    {
      "name": "KeywordDetector",
      "keyword_exclude": ""
    },
    {
      "name": "MailchimpDetector"
    },
    {
      "name": "NpmDetector"
    },
    {
      "name": "OpenAIDetector"
    },
    {
      "name": "PrivateKeyDetector"
    },
    {
      "name": "PypiTokenDetector"
    },
    {
      "name": "SendGridDetector"
    },
    {
      "name": "SlackDetector"
    },
    {
      "name": "SoftlayerDetector"
    },
    {
      "name": "SquareOAuthDetector"
    },
    {
      "name": "StripeDetector"
    },
    {
      "name": "TelegramBotTokenDetector"
    },
    {
      "name": "TwilioKeyDetector"
    }
  ],
  "filters_used": [
    {
      "path": "detect_secrets.filters.allowlist.is_line_allowlisted"
    },
    {
      "path": "detect_secrets.filters.common.is_ignored_due_to_verification_policies",
      "min_level": 2
    },
    {
      "path": "detect_secrets.filters.heuristic.is_indirect_reference"
    },
    {
      "path": "detect_secrets.filters.heuristic.is_likely_id_string"
    },
    {
      "path": "detect_secrets.filters.heuristic.is_lock_file"
    },
    {
      "path": "detect_secrets.filters.heuristic.is_not_alphanumeric_string"
    },
    {
      "path": "detect_secrets.filters.heuristic.is_potential_uuid"
    },
    {
      "path": "detect_secrets.filters.heuristic.is_prefixed_with_dollar_sign"
    },
    {
      "path": "detect_secrets.filters.heuristic.is_sequential_string"
    },
    {
      "path": "detect_secrets.filters.heuristic.is_swagger_file"
    },
    {
      "path": "detect_secrets.filters.heuristic.is_templated_secret"
    },
    {
      "path": "detect_secrets.filters.regex.should_exclude_file",
      "pattern": [
        "^\\.secrets\\.baseline$"
      ]
    }
  ],
  "results": {
    ".agent/archive/contracts/m13u0.md": [
      {
        "type": "Basic Auth Credentials",
        "filename": ".agent/archive/contracts/m13u0.md",
        "hashed_secret": "9d4e1e23bd5b727046a9e3b4b7db57bd8d6ee684",
        "is_verified": false
      }
    ],
    ".agent/measurements/m10u3/elaborate-1.json": [
      {
        "type": "Hex High Entropy String",
        "filename": ".agent/measurements/m10u3/elaborate-1.json",
        "hashed_secret": "839eadd5b6379500de532183352a60528bdd9f94",
        "is_verified": false
      }
    ],
    ".agent/measurements/m10u3/elaborate-2.json": [
      {
        "type": "Hex High Entropy String",
        "filename": ".agent/measurements/m10u3/elaborate-2.json",
        "hashed_secret": "839eadd5b6379500de532183352a60528bdd9f94",
        "is_verified": false
      }
    ],
    ".agent/measurements/m10u3/elaborate-3.json": [
      {
        "type": "Hex High Entropy String",
        "filename": ".agent/measurements/m10u3/elaborate-3.json",
        "hashed_secret": "839eadd5b6379500de532183352a60528bdd9f94",
        "is_verified": false
      }
    ],
    ".agent/measurements/m10u3/elaborate-4.json": [
      {
        "type": "Hex High Entropy String",
        "filename": ".agent/measurements/m10u3/elaborate-4.json",
        "hashed_secret": "839eadd5b6379500de532183352a60528bdd9f94",
        "is_verified": false
      }
    ],
    ".agent/measurements/m10u3/elaborate-5.json": [
      {
        "type": "Hex High Entropy String",
        "filename": ".agent/measurements/m10u3/elaborate-5.json",
        "hashed_secret": "839eadd5b6379500de532183352a60528bdd9f94",
        "is_verified": false
      }
    ],
    ".agent/measurements/m10u3/series1/elaborate-1.json": [
      {
        "type": "Hex High Entropy String",
        "filename": ".agent/measurements/m10u3/series1/elaborate-1.json",
        "hashed_secret": "839eadd5b6379500de532183352a60528bdd9f94",
        "is_verified": false
      }
    ],
    ".agent/measurements/m10u3/series1/elaborate-2.json": [
      {
        "type": "Hex High Entropy String",
        "filename": ".agent/measurements/m10u3/series1/elaborate-2.json",
        "hashed_secret": "839eadd5b6379500de532183352a60528bdd9f94",
        "is_verified": false
      }
    ],
    ".agent/measurements/m10u3/series1/elaborate-3.json": [
      {
        "type": "Hex High Entropy String",
        "filename": ".agent/measurements/m10u3/series1/elaborate-3.json",
        "hashed_secret": "839eadd5b6379500de532183352a60528bdd9f94",
        "is_verified": false
      }
    ],
    ".agent/measurements/m10u3/series1/elaborate-4.json": [
      {
        "type": "Hex High Entropy String",
        "filename": ".agent/measurements/m10u3/series1/elaborate-4.json",
        "hashed_secret": "839eadd5b6379500de532183352a60528bdd9f94",
        "is_verified": false
      }
    ],
    ".agent/measurements/m10u3/series1/elaborate-5.json": [
      {
        "type": "Hex High Entropy String",
        "filename": ".agent/measurements/m10u3/series1/elaborate-5.json",
        "hashed_secret": "839eadd5b6379500de532183352a60528bdd9f94",
        "is_verified": false
      }
    ],
    ".agent/measurements/m10u3/simple-1.json": [
      {
        "type": "Hex High Entropy String",
        "filename": ".agent/measurements/m10u3/simple-1.json",
        "hashed_secret": "839eadd5b6379500de532183352a60528bdd9f94",
        "is_verified": false
      },
      {
        "type": "Hex High Entropy String",
        "filename": ".agent/measurements/m10u3/simple-1.json",
        "hashed_secret": "cc24bc124bb7d3887b26e34954b428a9f2e8e053",
        "is_verified": false
      }
    ],
    ".agent/measurements/m10u3/simple-2.json": [
      {
        "type": "Hex High Entropy String",
        "filename": ".agent/measurements/m10u3/simple-2.json",
        "hashed_secret": "839eadd5b6379500de532183352a60528bdd9f94",
        "is_verified": false
      },
      {
        "type": "Hex High Entropy String",
        "filename": ".agent/measurements/m10u3/simple-2.json",
        "hashed_secret": "cc24bc124bb7d3887b26e34954b428a9f2e8e053",
        "is_verified": false
      }
    ],
    ".agent/measurements/m10u3/simple-3.json": [
      {
        "type": "Hex High Entropy String",
        "filename": ".agent/measurements/m10u3/simple-3.json",
        "hashed_secret": "839eadd5b6379500de532183352a60528bdd9f94",
        "is_verified": false
      },
      {
        "type": "Hex High Entropy String",
        "filename": ".agent/measurements/m10u3/simple-3.json",
        "hashed_secret": "cc24bc124bb7d3887b26e34954b428a9f2e8e053",
        "is_verified": false
      }
    ],
    ".agent/measurements/m10u3/simple-4.json": [
      {
        "type": "Hex High Entropy String",
        "filename": ".agent/measurements/m10u3/simple-4.json",
        "hashed_secret": "839eadd5b6379500de532183352a60528bdd9f94",
        "is_verified": false
      },
      {
        "type": "Hex High Entropy String",
        "filename": ".agent/measurements/m10u3/simple-4.json",
        "hashed_secret": "cc24bc124bb7d3887b26e34954b428a9f2e8e053",
        "is_verified": false
      }
    ],
    ".agent/measurements/m10u3/simple-5.json": [
      {
        "type": "Hex High Entropy String",
        "filename": ".agent/measurements/m10u3/simple-5.json",
        "hashed_secret": "839eadd5b6379500de532183352a60528bdd9f94",
        "is_verified": false
      },
      {
        "type": "Hex High Entropy String",
        "filename": ".agent/measurements/m10u3/simple-5.json",
        "hashed_secret": "cc24bc124bb7d3887b26e34954b428a9f2e8e053",
        "is_verified": false
      }
    ],
    ".agent/measurements/m10u3/stub/elaborate-1.json": [
      {
        "type": "Hex High Entropy String",
        "filename": ".agent/measurements/m10u3/stub/elaborate-1.json",
        "hashed_secret": "839eadd5b6379500de532183352a60528bdd9f94",
        "is_verified": false
      }
    ],
    ".agent/measurements/m10u3/stub/simple-1.json": [
      {
        "type": "Hex High Entropy String",
        "filename": ".agent/measurements/m10u3/stub/simple-1.json",
        "hashed_secret": "839eadd5b6379500de532183352a60528bdd9f94",
        "is_verified": false
      },
      {
        "type": "Hex High Entropy String",
        "filename": ".agent/measurements/m10u3/stub/simple-1.json",
        "hashed_secret": "cc24bc124bb7d3887b26e34954b428a9f2e8e053",
        "is_verified": false
      }
    ],
    ".agent/measurements/m17u4/ja-clinic-elaborate-1.json": [
      {
        "type": "Hex High Entropy String",
        "filename": ".agent/measurements/m17u4/ja-clinic-elaborate-1.json",
        "hashed_secret": "74d674d6a0fc2f1aa8ca49e9142ca483ed2c4c9a",
        "is_verified": false
      }
    ],
    ".agent/measurements/m17u4/ja-clinic-elaborate-2.json": [
      {
        "type": "Hex High Entropy String",
        "filename": ".agent/measurements/m17u4/ja-clinic-elaborate-2.json",
        "hashed_secret": "74d674d6a0fc2f1aa8ca49e9142ca483ed2c4c9a",
        "is_verified": false
      }
    ],
    ".agent/measurements/m17u4/ja-clinic-elaborate-3.json": [
      {
        "type": "Hex High Entropy String",
        "filename": ".agent/measurements/m17u4/ja-clinic-elaborate-3.json",
        "hashed_secret": "74d674d6a0fc2f1aa8ca49e9142ca483ed2c4c9a",
        "is_verified": false
      }
    ],
    ".agent/measurements/m17u4/ja-clinic-elaborate-4.json": [
      {
        "type": "Hex High Entropy String",
        "filename": ".agent/measurements/m17u4/ja-clinic-elaborate-4.json",
        "hashed_secret": "74d674d6a0fc2f1aa8ca49e9142ca483ed2c4c9a",
        "is_verified": false
      }
    ],
    ".agent/measurements/m17u4/ja-clinic-elaborate-5.json": [
      {
        "type": "Hex High Entropy String",
        "filename": ".agent/measurements/m17u4/ja-clinic-elaborate-5.json",
        "hashed_secret": "74d674d6a0fc2f1aa8ca49e9142ca483ed2c4c9a",
        "is_verified": false
      }
    ],
    ".agent/measurements/m17u4/ja-clinic-simple-1.json": [
      {
        "type": "Hex High Entropy String",
        "filename": ".agent/measurements/m17u4/ja-clinic-simple-1.json",
        "hashed_secret": "74d674d6a0fc2f1aa8ca49e9142ca483ed2c4c9a",
        "is_verified": false
      },
      {
        "type": "Hex High Entropy String",
        "filename": ".agent/measurements/m17u4/ja-clinic-simple-1.json",
        "hashed_secret": "ec15a6c9f45f3aedd63f50e89aaf9455269a37dd",
        "is_verified": false
      }
    ],
    ".agent/measurements/m17u4/ja-clinic-simple-2.json": [
      {
        "type": "Hex High Entropy String",
        "filename": ".agent/measurements/m17u4/ja-clinic-simple-2.json",
        "hashed_secret": "74d674d6a0fc2f1aa8ca49e9142ca483ed2c4c9a",
        "is_verified": false
      },
      {
        "type": "Hex High Entropy String",
        "filename": ".agent/measurements/m17u4/ja-clinic-simple-2.json",
        "hashed_secret": "ec15a6c9f45f3aedd63f50e89aaf9455269a37dd",
        "is_verified": false
      }
    ],
    ".agent/measurements/m17u4/ja-clinic-simple-3.json": [
      {
        "type": "Hex High Entropy String",
        "filename": ".agent/measurements/m17u4/ja-clinic-simple-3.json",
        "hashed_secret": "74d674d6a0fc2f1aa8ca49e9142ca483ed2c4c9a",
        "is_verified": false
      },
      {
        "type": "Hex High Entropy String",
        "filename": ".agent/measurements/m17u4/ja-clinic-simple-3.json",
        "hashed_secret": "ec15a6c9f45f3aedd63f50e89aaf9455269a37dd",
        "is_verified": false
      }
    ],
    ".agent/measurements/m17u4/ja-clinic-simple-4.json": [
      {
        "type": "Hex High Entropy String",
        "filename": ".agent/measurements/m17u4/ja-clinic-simple-4.json",
        "hashed_secret": "74d674d6a0fc2f1aa8ca49e9142ca483ed2c4c9a",
        "is_verified": false
      },
      {
        "type": "Hex High Entropy String",
        "filename": ".agent/measurements/m17u4/ja-clinic-simple-4.json",
        "hashed_secret": "ec15a6c9f45f3aedd63f50e89aaf9455269a37dd",
        "is_verified": false
      }
    ],
    ".agent/measurements/m17u4/ja-clinic-simple-5.json": [
      {
        "type": "Hex High Entropy String",
        "filename": ".agent/measurements/m17u4/ja-clinic-simple-5.json",
        "hashed_secret": "74d674d6a0fc2f1aa8ca49e9142ca483ed2c4c9a",
        "is_verified": false
      },
      {
        "type": "Hex High Entropy String",
        "filename": ".agent/measurements/m17u4/ja-clinic-simple-5.json",
        "hashed_secret": "ec15a6c9f45f3aedd63f50e89aaf9455269a37dd",
        "is_verified": false
      }
    ],
    ".agent/measurements/m17u4/ja-elaborate-1.json": [
      {
        "type": "Hex High Entropy String",
        "filename": ".agent/measurements/m17u4/ja-elaborate-1.json",
        "hashed_secret": "839eadd5b6379500de532183352a60528bdd9f94",
        "is_verified": false
      }
    ],
    ".agent/measurements/m17u4/ja-elaborate-2.json": [
      {
        "type": "Hex High Entropy String",
        "filename": ".agent/measurements/m17u4/ja-elaborate-2.json",
        "hashed_secret": "839eadd5b6379500de532183352a60528bdd9f94",
        "is_verified": false
      }
    ],
    ".agent/measurements/m17u4/ja-elaborate-3.json": [
      {
        "type": "Hex High Entropy String",
        "filename": ".agent/measurements/m17u4/ja-elaborate-3.json",
        "hashed_secret": "839eadd5b6379500de532183352a60528bdd9f94",
        "is_verified": false
      }
    ],
    ".agent/measurements/m17u4/ja-elaborate-4.json": [
      {
        "type": "Hex High Entropy String",
        "filename": ".agent/measurements/m17u4/ja-elaborate-4.json",
        "hashed_secret": "839eadd5b6379500de532183352a60528bdd9f94",
        "is_verified": false
      }
    ],
    ".agent/measurements/m17u4/ja-elaborate-5.json": [
      {
        "type": "Hex High Entropy String",
        "filename": ".agent/measurements/m17u4/ja-elaborate-5.json",
        "hashed_secret": "839eadd5b6379500de532183352a60528bdd9f94",
        "is_verified": false
      }
    ],
    ".agent/measurements/m17u4/ja-simple-1.json": [
      {
        "type": "Hex High Entropy String",
        "filename": ".agent/measurements/m17u4/ja-simple-1.json",
        "hashed_secret": "839eadd5b6379500de532183352a60528bdd9f94",
        "is_verified": false
      },
      {
        "type": "Hex High Entropy String",
        "filename": ".agent/measurements/m17u4/ja-simple-1.json",
        "hashed_secret": "1c0cf78897d3d6a5a4cfb4edc92889f37bf5abd9",
        "is_verified": false
      }
    ],
    ".agent/measurements/m17u4/ja-simple-2.json": [
      {
        "type": "Hex High Entropy String",
        "filename": ".agent/measurements/m17u4/ja-simple-2.json",
        "hashed_secret": "839eadd5b6379500de532183352a60528bdd9f94",
        "is_verified": false
      },
      {
        "type": "Hex High Entropy String",
        "filename": ".agent/measurements/m17u4/ja-simple-2.json",
        "hashed_secret": "1c0cf78897d3d6a5a4cfb4edc92889f37bf5abd9",
        "is_verified": false
      }
    ],
    ".agent/measurements/m17u4/ja-simple-3.json": [
      {
        "type": "Hex High Entropy String",
        "filename": ".agent/measurements/m17u4/ja-simple-3.json",
        "hashed_secret": "839eadd5b6379500de532183352a60528bdd9f94",
        "is_verified": false
      },
      {
        "type": "Hex High Entropy String",
        "filename": ".agent/measurements/m17u4/ja-simple-3.json",
        "hashed_secret": "1c0cf78897d3d6a5a4cfb4edc92889f37bf5abd9",
        "is_verified": false
      }
    ],
    ".agent/measurements/m17u4/ja-simple-4.json": [
      {
        "type": "Hex High Entropy String",
        "filename": ".agent/measurements/m17u4/ja-simple-4.json",
        "hashed_secret": "839eadd5b6379500de532183352a60528bdd9f94",
        "is_verified": false
      },
      {
        "type": "Hex High Entropy String",
        "filename": ".agent/measurements/m17u4/ja-simple-4.json",
        "hashed_secret": "1c0cf78897d3d6a5a4cfb4edc92889f37bf5abd9",
        "is_verified": false
      }
    ],
    ".agent/measurements/m17u4/ja-simple-5.json": [
      {
        "type": "Hex High Entropy String",
        "filename": ".agent/measurements/m17u4/ja-simple-5.json",
        "hashed_secret": "839eadd5b6379500de532183352a60528bdd9f94",
        "is_verified": false
      },
      {
        "type": "Hex High Entropy String",
        "filename": ".agent/measurements/m17u4/ja-simple-5.json",
        "hashed_secret": "1c0cf78897d3d6a5a4cfb4edc92889f37bf5abd9",
        "is_verified": false
      }
    ],
    ".agent/measurements/m19u5/ja-clinic-misleading-1.json": [
      {
        "type": "Hex High Entropy String",
        "filename": ".agent/measurements/m19u5/ja-clinic-misleading-1.json",
        "hashed_secret": "74d674d6a0fc2f1aa8ca49e9142ca483ed2c4c9a",
        "is_verified": false
      }
    ],
    ".agent/measurements/m19u5/ja-clinic-simple-1.json": [
      {
        "type": "Hex High Entropy String",
        "filename": ".agent/measurements/m19u5/ja-clinic-simple-1.json",
        "hashed_secret": "74d674d6a0fc2f1aa8ca49e9142ca483ed2c4c9a",
        "is_verified": false
      },
      {
        "type": "Hex High Entropy String",
        "filename": ".agent/measurements/m19u5/ja-clinic-simple-1.json",
        "hashed_secret": "ec15a6c9f45f3aedd63f50e89aaf9455269a37dd",
        "is_verified": false
      }
    ],
    ".agent/measurements/m19u5/ja-misleading-1.json": [
      {
        "type": "Hex High Entropy String",
        "filename": ".agent/measurements/m19u5/ja-misleading-1.json",
        "hashed_secret": "839eadd5b6379500de532183352a60528bdd9f94",
        "is_verified": false
      }
    ],
    ".agent/measurements/m19u5/ja-simple-1.json": [
      {
        "type": "Hex High Entropy String",
        "filename": ".agent/measurements/m19u5/ja-simple-1.json",
        "hashed_secret": "839eadd5b6379500de532183352a60528bdd9f94",
        "is_verified": false
      },
      {
        "type": "Hex High Entropy String",
        "filename": ".agent/measurements/m19u5/ja-simple-1.json",
        "hashed_secret": "1c0cf78897d3d6a5a4cfb4edc92889f37bf5abd9",
        "is_verified": false
      }
    ],
    ".agent/measurements/m19u5/misleading-1.json": [
      {
        "type": "Hex High Entropy String",
        "filename": ".agent/measurements/m19u5/misleading-1.json",
        "hashed_secret": "839eadd5b6379500de532183352a60528bdd9f94",
        "is_verified": false
      }
    ],
    ".agent/measurements/m19u5/simple-1.json": [
      {
        "type": "Hex High Entropy String",
        "filename": ".agent/measurements/m19u5/simple-1.json",
        "hashed_secret": "839eadd5b6379500de532183352a60528bdd9f94",
        "is_verified": false
      },
      {
        "type": "Hex High Entropy String",
        "filename": ".agent/measurements/m19u5/simple-1.json",
        "hashed_secret": "cc24bc124bb7d3887b26e34954b428a9f2e8e053",
        "is_verified": false
      }
    ],
    ".agent/measurements/m19u9/ja-clinic-misleading-1.json": [
      {
        "type": "Hex High Entropy String",
        "filename": ".agent/measurements/m19u9/ja-clinic-misleading-1.json",
        "hashed_secret": "74d674d6a0fc2f1aa8ca49e9142ca483ed2c4c9a",
        "is_verified": false
      }
    ],
    ".agent/measurements/m19u9/ja-clinic-misleading-2.json": [
      {
        "type": "Hex High Entropy String",
        "filename": ".agent/measurements/m19u9/ja-clinic-misleading-2.json",
        "hashed_secret": "74d674d6a0fc2f1aa8ca49e9142ca483ed2c4c9a",
        "is_verified": false
      }
    ],
    ".agent/measurements/m19u9/ja-clinic-misleading-3.json": [
      {
        "type": "Hex High Entropy String",
        "filename": ".agent/measurements/m19u9/ja-clinic-misleading-3.json",
        "hashed_secret": "74d674d6a0fc2f1aa8ca49e9142ca483ed2c4c9a",
        "is_verified": false
      }
    ],
    ".agent/measurements/m19u9/ja-clinic-misleading-4.json": [
      {
        "type": "Hex High Entropy String",
        "filename": ".agent/measurements/m19u9/ja-clinic-misleading-4.json",
        "hashed_secret": "74d674d6a0fc2f1aa8ca49e9142ca483ed2c4c9a",
        "is_verified": false
      }
    ],
    ".agent/measurements/m19u9/ja-clinic-misleading-5.json": [
      {
        "type": "Hex High Entropy String",
        "filename": ".agent/measurements/m19u9/ja-clinic-misleading-5.json",
        "hashed_secret": "74d674d6a0fc2f1aa8ca49e9142ca483ed2c4c9a",
        "is_verified": false
      }
    ],
    ".agent/measurements/m19u9/ja-clinic-simple-1.json": [
      {
        "type": "Hex High Entropy String",
        "filename": ".agent/measurements/m19u9/ja-clinic-simple-1.json",
        "hashed_secret": "74d674d6a0fc2f1aa8ca49e9142ca483ed2c4c9a",
        "is_verified": false
      },
      {
        "type": "Hex High Entropy String",
        "filename": ".agent/measurements/m19u9/ja-clinic-simple-1.json",
        "hashed_secret": "9b47d0ed624671be3397627bee30f9e48a5b28df",
        "is_verified": false
      }
    ],
    ".agent/measurements/m19u9/ja-clinic-simple-2.json": [
      {
        "type": "Hex High Entropy String",
        "filename": ".agent/measurements/m19u9/ja-clinic-simple-2.json",
        "hashed_secret": "74d674d6a0fc2f1aa8ca49e9142ca483ed2c4c9a",
        "is_verified": false
      },
      {
        "type": "Hex High Entropy String",
        "filename": ".agent/measurements/m19u9/ja-clinic-simple-2.json",
        "hashed_secret": "9b47d0ed624671be3397627bee30f9e48a5b28df",
        "is_verified": false
      }
    ],
    ".agent/measurements/m19u9/ja-clinic-simple-3.json": [
      {
        "type": "Hex High Entropy String",
        "filename": ".agent/measurements/m19u9/ja-clinic-simple-3.json",
        "hashed_secret": "74d674d6a0fc2f1aa8ca49e9142ca483ed2c4c9a",
        "is_verified": false
      },
      {
        "type": "Hex High Entropy String",
        "filename": ".agent/measurements/m19u9/ja-clinic-simple-3.json",
        "hashed_secret": "9b47d0ed624671be3397627bee30f9e48a5b28df",
        "is_verified": false
      }
    ],
    ".agent/measurements/m19u9/ja-clinic-simple-4.json": [
      {
        "type": "Hex High Entropy String",
        "filename": ".agent/measurements/m19u9/ja-clinic-simple-4.json",
        "hashed_secret": "74d674d6a0fc2f1aa8ca49e9142ca483ed2c4c9a",
        "is_verified": false
      },
      {
        "type": "Hex High Entropy String",
        "filename": ".agent/measurements/m19u9/ja-clinic-simple-4.json",
        "hashed_secret": "9b47d0ed624671be3397627bee30f9e48a5b28df",
        "is_verified": false
      }
    ],
    ".agent/measurements/m19u9/ja-clinic-simple-5.json": [
      {
        "type": "Hex High Entropy String",
        "filename": ".agent/measurements/m19u9/ja-clinic-simple-5.json",
        "hashed_secret": "74d674d6a0fc2f1aa8ca49e9142ca483ed2c4c9a",
        "is_verified": false
      },
      {
        "type": "Hex High Entropy String",
        "filename": ".agent/measurements/m19u9/ja-clinic-simple-5.json",
        "hashed_secret": "9b47d0ed624671be3397627bee30f9e48a5b28df",
        "is_verified": false
      }
    ],
    ".agent/measurements/m19u9/ja-misleading-1.json": [
      {
        "type": "Hex High Entropy String",
        "filename": ".agent/measurements/m19u9/ja-misleading-1.json",
        "hashed_secret": "839eadd5b6379500de532183352a60528bdd9f94",
        "is_verified": false
      }
    ],
    ".agent/measurements/m19u9/ja-misleading-2.json": [
      {
        "type": "Hex High Entropy String",
        "filename": ".agent/measurements/m19u9/ja-misleading-2.json",
        "hashed_secret": "839eadd5b6379500de532183352a60528bdd9f94",
        "is_verified": false
      }
    ],
    ".agent/measurements/m19u9/ja-misleading-3.json": [
      {
        "type": "Hex High Entropy String",
        "filename": ".agent/measurements/m19u9/ja-misleading-3.json",
        "hashed_secret": "839eadd5b6379500de532183352a60528bdd9f94",
        "is_verified": false
      }
    ],
    ".agent/measurements/m19u9/ja-misleading-4.json": [
      {
        "type": "Hex High Entropy String",
        "filename": ".agent/measurements/m19u9/ja-misleading-4.json",
        "hashed_secret": "839eadd5b6379500de532183352a60528bdd9f94",
        "is_verified": false
      }
    ],
    ".agent/measurements/m19u9/ja-misleading-5.json": [
      {
        "type": "Hex High Entropy String",
        "filename": ".agent/measurements/m19u9/ja-misleading-5.json",
        "hashed_secret": "839eadd5b6379500de532183352a60528bdd9f94",
        "is_verified": false
      }
    ],
    ".agent/measurements/m19u9/ja-simple-1.json": [
      {
        "type": "Hex High Entropy String",
        "filename": ".agent/measurements/m19u9/ja-simple-1.json",
        "hashed_secret": "839eadd5b6379500de532183352a60528bdd9f94",
        "is_verified": false
      },
      {
        "type": "Hex High Entropy String",
        "filename": ".agent/measurements/m19u9/ja-simple-1.json",
        "hashed_secret": "ca866c232c5a24f5cbb59fce1170dd85aca8b667",
        "is_verified": false
      }
    ],
    ".agent/measurements/m19u9/ja-simple-2.json": [
      {
        "type": "Hex High Entropy String",
        "filename": ".agent/measurements/m19u9/ja-simple-2.json",
        "hashed_secret": "839eadd5b6379500de532183352a60528bdd9f94",
        "is_verified": false
      },
      {
        "type": "Hex High Entropy String",
        "filename": ".agent/measurements/m19u9/ja-simple-2.json",
        "hashed_secret": "ca866c232c5a24f5cbb59fce1170dd85aca8b667",
        "is_verified": false
      }
    ],
    ".agent/measurements/m19u9/ja-simple-3.json": [
      {
        "type": "Hex High Entropy String",
        "filename": ".agent/measurements/m19u9/ja-simple-3.json",
        "hashed_secret": "839eadd5b6379500de532183352a60528bdd9f94",
        "is_verified": false
      },
      {
        "type": "Hex High Entropy String",
        "filename": ".agent/measurements/m19u9/ja-simple-3.json",
        "hashed_secret": "ca866c232c5a24f5cbb59fce1170dd85aca8b667",
        "is_verified": false
      }
    ],
    ".agent/measurements/m19u9/ja-simple-4.json": [
      {
        "type": "Hex High Entropy String",
        "filename": ".agent/measurements/m19u9/ja-simple-4.json",
        "hashed_secret": "839eadd5b6379500de532183352a60528bdd9f94",
        "is_verified": false
      },
      {
        "type": "Hex High Entropy String",
        "filename": ".agent/measurements/m19u9/ja-simple-4.json",
        "hashed_secret": "ca866c232c5a24f5cbb59fce1170dd85aca8b667",
        "is_verified": false
      }
    ],
    ".agent/measurements/m19u9/ja-simple-5.json": [
      {
        "type": "Hex High Entropy String",
        "filename": ".agent/measurements/m19u9/ja-simple-5.json",
        "hashed_secret": "839eadd5b6379500de532183352a60528bdd9f94",
        "is_verified": false
      },
      {
        "type": "Hex High Entropy String",
        "filename": ".agent/measurements/m19u9/ja-simple-5.json",
        "hashed_secret": "ca866c232c5a24f5cbb59fce1170dd85aca8b667",
        "is_verified": false
      }
    ],
    ".agent/measurements/m19u9/misleading-1.json": [
      {
        "type": "Hex High Entropy String",
        "filename": ".agent/measurements/m19u9/misleading-1.json",
        "hashed_secret": "839eadd5b6379500de532183352a60528bdd9f94",
        "is_verified": false
      }
    ],
    ".agent/measurements/m19u9/misleading-2.json": [
      {
        "type": "Hex High Entropy String",
        "filename": ".agent/measurements/m19u9/misleading-2.json",
        "hashed_secret": "839eadd5b6379500de532183352a60528bdd9f94",
        "is_verified": false
      }
    ],
    ".agent/measurements/m19u9/misleading-3.json": [
      {
        "type": "Hex High Entropy String",
        "filename": ".agent/measurements/m19u9/misleading-3.json",
        "hashed_secret": "839eadd5b6379500de532183352a60528bdd9f94",
        "is_verified": false
      }
    ],
    ".agent/measurements/m19u9/misleading-4.json": [
      {
        "type": "Hex High Entropy String",
        "filename": ".agent/measurements/m19u9/misleading-4.json",
        "hashed_secret": "839eadd5b6379500de532183352a60528bdd9f94",
        "is_verified": false
      }
    ],
    ".agent/measurements/m19u9/misleading-5.json": [
      {
        "type": "Hex High Entropy String",
        "filename": ".agent/measurements/m19u9/misleading-5.json",
        "hashed_secret": "839eadd5b6379500de532183352a60528bdd9f94",
        "is_verified": false
      }
    ],
    ".agent/measurements/m19u9/simple-1.json": [
      {
        "type": "Hex High Entropy String",
        "filename": ".agent/measurements/m19u9/simple-1.json",
        "hashed_secret": "839eadd5b6379500de532183352a60528bdd9f94",
        "is_verified": false
      },
      {
        "type": "Hex High Entropy String",
        "filename": ".agent/measurements/m19u9/simple-1.json",
        "hashed_secret": "ca866c232c5a24f5cbb59fce1170dd85aca8b667",
        "is_verified": false
      }
    ],
    ".agent/measurements/m19u9/simple-2.json": [
      {
        "type": "Hex High Entropy String",
        "filename": ".agent/measurements/m19u9/simple-2.json",
        "hashed_secret": "839eadd5b6379500de532183352a60528bdd9f94",
        "is_verified": false
      },
      {
        "type": "Hex High Entropy String",
        "filename": ".agent/measurements/m19u9/simple-2.json",
        "hashed_secret": "ca866c232c5a24f5cbb59fce1170dd85aca8b667",
        "is_verified": false
      }
    ],
    ".agent/measurements/m19u9/simple-3.json": [
      {
        "type": "Hex High Entropy String",
        "filename": ".agent/measurements/m19u9/simple-3.json",
        "hashed_secret": "839eadd5b6379500de532183352a60528bdd9f94",
        "is_verified": false
      },
      {
        "type": "Hex High Entropy String",
        "filename": ".agent/measurements/m19u9/simple-3.json",
        "hashed_secret": "ca866c232c5a24f5cbb59fce1170dd85aca8b667",
        "is_verified": false
      }
    ],
    ".agent/measurements/m19u9/simple-4.json": [
      {
        "type": "Hex High Entropy String",
        "filename": ".agent/measurements/m19u9/simple-4.json",
        "hashed_secret": "839eadd5b6379500de532183352a60528bdd9f94",
        "is_verified": false
      },
      {
        "type": "Hex High Entropy String",
        "filename": ".agent/measurements/m19u9/simple-4.json",
        "hashed_secret": "ca866c232c5a24f5cbb59fce1170dd85aca8b667",
        "is_verified": false
      }
    ],
    ".agent/measurements/m19u9/simple-5.json": [
      {
        "type": "Hex High Entropy String",
        "filename": ".agent/measurements/m19u9/simple-5.json",
        "hashed_secret": "839eadd5b6379500de532183352a60528bdd9f94",
        "is_verified": false
      },
      {
        "type": "Hex High Entropy String",
        "filename": ".agent/measurements/m19u9/simple-5.json",
        "hashed_secret": "ca866c232c5a24f5cbb59fce1170dd85aca8b667",
        "is_verified": false
      }
    ],
    ".agent/measurements/m19u9/summary.json": [
      {
        "type": "Hex High Entropy String",
        "filename": ".agent/measurements/m19u9/summary.json",
        "hashed_secret": "bdcf4c3ecf3de5b87b13f928087e9c87a9eb9b39",
        "is_verified": false
      },
      {
        "type": "Hex High Entropy String",
        "filename": ".agent/measurements/m19u9/summary.json",
        "hashed_secret": "8f94757120dd03c7e27711a5c4ee9d61f54e5bad",
        "is_verified": false
      },
      {
        "type": "Hex High Entropy String",
        "filename": ".agent/measurements/m19u9/summary.json",
        "hashed_secret": "bd5651c7b27c6bbb32cbedaa11703f7478960d51",
        "is_verified": false
      },
      {
        "type": "Hex High Entropy String",
        "filename": ".agent/measurements/m19u9/summary.json",
        "hashed_secret": "887f4bf3a556bc9b87e10de361d9c0cdeefc0bbf",
        "is_verified": false
      },
      {
        "type": "Hex High Entropy String",
        "filename": ".agent/measurements/m19u9/summary.json",
        "hashed_secret": "b6f8f2a985b23709e8d3ba992e5b4747eebab908",
        "is_verified": false
      }
    ],
    ".agent/measurements/rerun_all.py": [
      {
        "type": "Secret Keyword",
        "filename": ".agent/measurements/rerun_all.py",
        "hashed_secret": "af80ec2bbf1e01279ab66599cad42f8ba136b6a3",
        "is_verified": false
      }
    ],
    "model_backend/runtime/snapshot.json": [
      {
        "type": "Hex High Entropy String",
        "filename": "model_backend/runtime/snapshot.json",
        "hashed_secret": "2312960e940c2c90cf2dbf4d2a9381fb88687c0e",
        "is_verified": false
      },
      {
        "type": "Hex High Entropy String",
        "filename": "model_backend/runtime/snapshot.json",
        "hashed_secret": "8327d839c8de9f93c2244c53a864a236e6373a43",
        "is_verified": false
      },
      {
        "type": "Hex High Entropy String",
        "filename": "model_backend/runtime/snapshot.json",
        "hashed_secret": "c26c273534cf5b2e6163c6ab7925e4018df8355e",
        "is_verified": false
      },
      {
        "type": "Hex High Entropy String",
        "filename": "model_backend/runtime/snapshot.json",
        "hashed_secret": "2584dd01beb8ed8e10caaeb8a4154362933a9b88",
        "is_verified": false
      },
      {
        "type": "Hex High Entropy String",
        "filename": "model_backend/runtime/snapshot.json",
        "hashed_secret": "dd5845bb74b00cd3a4c7b5e0cd3438b7604024cd",
        "is_verified": false
      },
      {
        "type": "Hex High Entropy String",
        "filename": "model_backend/runtime/snapshot.json",
        "hashed_secret": "1bb919de3dacd4d48cc8a3acb208a1fa91974d4d",
        "is_verified": false
      },
      {
        "type": "Hex High Entropy String",
        "filename": "model_backend/runtime/snapshot.json",
        "hashed_secret": "5647dc7554a20560c65db836bafc2e7b4a9a8c20",
        "is_verified": false
      },
      {
        "type": "Hex High Entropy String",
        "filename": "model_backend/runtime/snapshot.json",
        "hashed_secret": "db00a6717064106eac847c60f0725565d7b33d95",
        "is_verified": false
      },
      {
        "type": "Hex High Entropy String",
        "filename": "model_backend/runtime/snapshot.json",
        "hashed_secret": "4acabc88e604813911e4f80175cb5ba19558b96b",
        "is_verified": false
      },
      {
        "type": "Hex High Entropy String",
        "filename": "model_backend/runtime/snapshot.json",
        "hashed_secret": "af159b40aad8915b6dcc3a2cd0784769b1fc585e",
        "is_verified": false
      },
      {
        "type": "Hex High Entropy String",
        "filename": "model_backend/runtime/snapshot.json",
        "hashed_secret": "271b4a7e7489fbcdc0a08e4d4c220daeb694467e",
        "is_verified": false
      }
    ],
    "model_backend/snapshot.py": [
      {
        "type": "Hex High Entropy String",
        "filename": "model_backend/snapshot.py",
        "hashed_secret": "271b4a7e7489fbcdc0a08e4d4c220daeb694467e",
        "is_verified": false
      }
    ],
    "tests/test_model_backend_runtime.py": [
      {
        "type": "Hex High Entropy String",
        "filename": "tests/test_model_backend_runtime.py",
        "hashed_secret": "158b484ae1f6f64f89da22397d25fbdafad02252",
        "is_verified": false
      },
      {
        "type": "Hex High Entropy String",
        "filename": "tests/test_model_backend_runtime.py",
        "hashed_secret": "bae3d072a8d3dd8670ad7fb266e02993521f49af",
        "is_verified": false
      },
      {
        "type": "Hex High Entropy String",
        "filename": "tests/test_model_backend_runtime.py",
        "hashed_secret": "340361b663186e9ab4e891d29edb7df7c7a3fef2",
        "is_verified": false
      },
      {
        "type": "Hex High Entropy String",
        "filename": "tests/test_model_backend_runtime.py",
        "hashed_secret": "244f421f896bdcdd2784dccf4eaf7c8dfd5189b5",
        "is_verified": false
      },
      {
        "type": "Hex High Entropy String",
        "filename": "tests/test_model_backend_runtime.py",
        "hashed_secret": "271b4a7e7489fbcdc0a08e4d4c220daeb694467e",
        "is_verified": false
      },
      {
        "type": "Hex High Entropy String",
        "filename": "tests/test_model_backend_runtime.py",
        "hashed_secret": "1a31a17d0bcebb45f3906bc7e2d586cdbe9d8a80",
        "is_verified": false
      },
      {
        "type": "Hex High Entropy String",
        "filename": "tests/test_model_backend_runtime.py",
        "hashed_secret": "42de6818bd274999c08d9dcbe822347d6001ef58",
        "is_verified": false
      }
    ],
    "tests/test_webui_settings.py": [
      {
        "type": "Secret Keyword",
        "filename": "tests/test_webui_settings.py",
        "hashed_secret": "5ffe533b830f08a0326348a9160afafc8ada44db",
        "is_verified": false
      },
      {
        "type": "Secret Keyword",
        "filename": "tests/test_webui_settings.py",
        "hashed_secret": "82d2e3cbae490642d9f392345748ae200d93a5bb",
        "is_verified": false
      }
    ],
    "webui/settings.py": [
      {
        "type": "Secret Keyword",
        "filename": "webui/settings.py",
        "hashed_secret": "0f1dd713a08881d9ab5988a507725f2309981bfc",
        "is_verified": false
      },
      {
        "type": "Secret Keyword",
        "filename": "webui/settings.py",
        "hashed_secret": "af80ec2bbf1e01279ab66599cad42f8ba136b6a3",
        "is_verified": false
      },
      {
        "type": "Secret Keyword",
        "filename": "webui/settings.py",
        "hashed_secret": "829c3804401b0727f70f73d4415e162400cbe57b",
        "is_verified": false
      },
      {
        "type": "Secret Keyword",
        "filename": "webui/settings.py",
        "hashed_secret": "5ffe533b830f08a0326348a9160afafc8ada44db",
        "is_verified": false
      }
    ]
  }
}
